Archive member included to satisfy reference by file (symbol)

c:/program files (x86)/atollic/truestudio for stm32 9.2.0/armtools/bin/../lib/gcc/arm-atollic-eabi/6.3.1/../../../../arm-atollic-eabi/lib/armv7e-m/fpu\libc_nano.a(lib_a-init.o)
                              startup\startup_stm32f334x8.o (__libc_init_array)
c:/program files (x86)/atollic/truestudio for stm32 9.2.0/armtools/bin/../lib/gcc/arm-atollic-eabi/6.3.1/../../../../arm-atollic-eabi/lib/armv7e-m/fpu\libc_nano.a(lib_a-memset.o)
                              Src\gpio.o (memset)
c:/program files (x86)/atollic/truestudio for stm32 9.2.0/armtools/bin/../lib/gcc/arm-atollic-eabi/6.3.1/armv7e-m/fpu\libgcc.a(_arm_addsubdf3.o)
                              Src\PCA9685.o (__aeabi_i2d)
c:/program files (x86)/atollic/truestudio for stm32 9.2.0/armtools/bin/../lib/gcc/arm-atollic-eabi/6.3.1/armv7e-m/fpu\libgcc.a(_arm_muldivdf3.o)
                              Src\PCA9685.o (__aeabi_ddiv)
c:/program files (x86)/atollic/truestudio for stm32 9.2.0/armtools/bin/../lib/gcc/arm-atollic-eabi/6.3.1/armv7e-m/fpu\libgcc.a(_arm_truncdfsf2.o)
                              Src\PCA9685.o (__aeabi_d2f)

Discarded input sections

 .text          0x00000000        0x0 c:/program files (x86)/atollic/truestudio for stm32 9.2.0/armtools/bin/../lib/gcc/arm-atollic-eabi/6.3.1/armv7e-m/fpu/crti.o
 .data          0x00000000        0x0 c:/program files (x86)/atollic/truestudio for stm32 9.2.0/armtools/bin/../lib/gcc/arm-atollic-eabi/6.3.1/armv7e-m/fpu/crti.o
 .bss           0x00000000        0x0 c:/program files (x86)/atollic/truestudio for stm32 9.2.0/armtools/bin/../lib/gcc/arm-atollic-eabi/6.3.1/armv7e-m/fpu/crti.o
 .data          0x00000000        0x4 c:/program files (x86)/atollic/truestudio for stm32 9.2.0/armtools/bin/../lib/gcc/arm-atollic-eabi/6.3.1/armv7e-m/fpu/crtbegin.o
 .text          0x00000000        0x0 Drivers\STM32F3xx_HAL_Driver\Src\stm32f3xx_ll_dma.o
 .data          0x00000000        0x0 Drivers\STM32F3xx_HAL_Driver\Src\stm32f3xx_ll_dma.o
 .bss           0x00000000        0x0 Drivers\STM32F3xx_HAL_Driver\Src\stm32f3xx_ll_dma.o
 .text.LL_DMA_DeInit
                0x00000000       0xb8 Drivers\STM32F3xx_HAL_Driver\Src\stm32f3xx_ll_dma.o
 .text.LL_DMA_Init
                0x00000000       0x50 Drivers\STM32F3xx_HAL_Driver\Src\stm32f3xx_ll_dma.o
 .text.LL_DMA_StructInit
                0x00000000       0x18 Drivers\STM32F3xx_HAL_Driver\Src\stm32f3xx_ll_dma.o
 .rodata.CHANNEL_OFFSET_TAB
                0x00000000        0x7 Drivers\STM32F3xx_HAL_Driver\Src\stm32f3xx_ll_dma.o
 .debug_info    0x00000000      0x63a Drivers\STM32F3xx_HAL_Driver\Src\stm32f3xx_ll_dma.o
 .debug_abbrev  0x00000000      0x216 Drivers\STM32F3xx_HAL_Driver\Src\stm32f3xx_ll_dma.o
 .debug_loc     0x00000000      0x2ab Drivers\STM32F3xx_HAL_Driver\Src\stm32f3xx_ll_dma.o
 .debug_aranges
                0x00000000       0x30 Drivers\STM32F3xx_HAL_Driver\Src\stm32f3xx_ll_dma.o
 .debug_ranges  0x00000000       0x70 Drivers\STM32F3xx_HAL_Driver\Src\stm32f3xx_ll_dma.o
 .debug_line    0x00000000      0x34a Drivers\STM32F3xx_HAL_Driver\Src\stm32f3xx_ll_dma.o
 .debug_str     0x00000000      0x4e6 Drivers\STM32F3xx_HAL_Driver\Src\stm32f3xx_ll_dma.o
 .comment       0x00000000       0x7d Drivers\STM32F3xx_HAL_Driver\Src\stm32f3xx_ll_dma.o
 .debug_frame   0x00000000       0x4c Drivers\STM32F3xx_HAL_Driver\Src\stm32f3xx_ll_dma.o
 .ARM.attributes
                0x00000000       0x39 Drivers\STM32F3xx_HAL_Driver\Src\stm32f3xx_ll_dma.o
 .text          0x00000000        0x0 Drivers\STM32F3xx_HAL_Driver\Src\stm32f3xx_ll_exti.o
 .data          0x00000000        0x0 Drivers\STM32F3xx_HAL_Driver\Src\stm32f3xx_ll_exti.o
 .bss           0x00000000        0x0 Drivers\STM32F3xx_HAL_Driver\Src\stm32f3xx_ll_exti.o
 .text.LL_EXTI_DeInit
                0x00000000       0x34 Drivers\STM32F3xx_HAL_Driver\Src\stm32f3xx_ll_exti.o
 .text.LL_EXTI_StructInit
                0x00000000       0x10 Drivers\STM32F3xx_HAL_Driver\Src\stm32f3xx_ll_exti.o
 .text          0x00000000        0x0 Drivers\STM32F3xx_HAL_Driver\Src\stm32f3xx_ll_gpio.o
 .data          0x00000000        0x0 Drivers\STM32F3xx_HAL_Driver\Src\stm32f3xx_ll_gpio.o
 .bss           0x00000000        0x0 Drivers\STM32F3xx_HAL_Driver\Src\stm32f3xx_ll_gpio.o
 .text.LL_GPIO_DeInit
                0x00000000       0xac Drivers\STM32F3xx_HAL_Driver\Src\stm32f3xx_ll_gpio.o
 .text.LL_GPIO_StructInit
                0x00000000       0x18 Drivers\STM32F3xx_HAL_Driver\Src\stm32f3xx_ll_gpio.o
 .text          0x00000000        0x0 Drivers\STM32F3xx_HAL_Driver\Src\stm32f3xx_ll_i2c.o
 .data          0x00000000        0x0 Drivers\STM32F3xx_HAL_Driver\Src\stm32f3xx_ll_i2c.o
 .bss           0x00000000        0x0 Drivers\STM32F3xx_HAL_Driver\Src\stm32f3xx_ll_i2c.o
 .text.LL_I2C_DeInit
                0x00000000       0x28 Drivers\STM32F3xx_HAL_Driver\Src\stm32f3xx_ll_i2c.o
 .text.LL_I2C_StructInit
                0x00000000       0x16 Drivers\STM32F3xx_HAL_Driver\Src\stm32f3xx_ll_i2c.o
 .text          0x00000000        0x0 Drivers\STM32F3xx_HAL_Driver\Src\stm32f3xx_ll_rcc.o
 .data          0x00000000        0x0 Drivers\STM32F3xx_HAL_Driver\Src\stm32f3xx_ll_rcc.o
 .bss           0x00000000        0x0 Drivers\STM32F3xx_HAL_Driver\Src\stm32f3xx_ll_rcc.o
 .text.LL_RCC_DeInit
                0x00000000       0x64 Drivers\STM32F3xx_HAL_Driver\Src\stm32f3xx_ll_rcc.o
 .text.LL_RCC_GetI2CClockFreq
                0x00000000       0x2c Drivers\STM32F3xx_HAL_Driver\Src\stm32f3xx_ll_rcc.o
 .text.LL_RCC_GetADCClockFreq
                0x00000000       0x4c Drivers\STM32F3xx_HAL_Driver\Src\stm32f3xx_ll_rcc.o
 .text.LL_RCC_GetTIMClockFreq
                0x00000000       0x2c Drivers\STM32F3xx_HAL_Driver\Src\stm32f3xx_ll_rcc.o
 .text.LL_RCC_GetHRTIMClockFreq
                0x00000000       0x28 Drivers\STM32F3xx_HAL_Driver\Src\stm32f3xx_ll_rcc.o
 .rodata.aADCPrescTable
                0x00000000       0x20 Drivers\STM32F3xx_HAL_Driver\Src\stm32f3xx_ll_rcc.o
 .text          0x00000000        0x0 Drivers\STM32F3xx_HAL_Driver\Src\stm32f3xx_ll_usart.o
 .data          0x00000000        0x0 Drivers\STM32F3xx_HAL_Driver\Src\stm32f3xx_ll_usart.o
 .bss           0x00000000        0x0 Drivers\STM32F3xx_HAL_Driver\Src\stm32f3xx_ll_usart.o
 .text.LL_USART_DeInit
                0x00000000       0x64 Drivers\STM32F3xx_HAL_Driver\Src\stm32f3xx_ll_usart.o
 .text.LL_USART_StructInit
                0x00000000       0x18 Drivers\STM32F3xx_HAL_Driver\Src\stm32f3xx_ll_usart.o
 .text.LL_USART_ClockInit
                0x00000000       0x3a Drivers\STM32F3xx_HAL_Driver\Src\stm32f3xx_ll_usart.o
 .text.LL_USART_ClockStructInit
                0x00000000        0xc Drivers\STM32F3xx_HAL_Driver\Src\stm32f3xx_ll_usart.o
 .text          0x00000000        0x0 Drivers\STM32F3xx_HAL_Driver\Src\stm32f3xx_ll_utils.o
 .data          0x00000000        0x0 Drivers\STM32F3xx_HAL_Driver\Src\stm32f3xx_ll_utils.o
 .bss           0x00000000        0x0 Drivers\STM32F3xx_HAL_Driver\Src\stm32f3xx_ll_utils.o
 .text.UTILS_SetFlashLatency
                0x00000000       0x40 Drivers\STM32F3xx_HAL_Driver\Src\stm32f3xx_ll_utils.o
 .text.UTILS_EnablePLLAndSwitchSystem
                0x00000000       0xa8 Drivers\STM32F3xx_HAL_Driver\Src\stm32f3xx_ll_utils.o
 .text.LL_PLL_ConfigSystemClock_HSI
                0x00000000       0x68 Drivers\STM32F3xx_HAL_Driver\Src\stm32f3xx_ll_utils.o
 .text.LL_PLL_ConfigSystemClock_HSE
                0x00000000       0x84 Drivers\STM32F3xx_HAL_Driver\Src\stm32f3xx_ll_utils.o
 .text          0x00000000        0x0 Src\PCA9685.o
 .data          0x00000000        0x0 Src\PCA9685.o
 .bss           0x00000000        0x0 Src\PCA9685.o
 .text.HAL_GPIO_WritePinH
                0x00000000        0xa Src\PCA9685.o
 .text.write_register
                0x00000000       0x24 Src\PCA9685.o
 .text.read_register
                0x00000000       0x28 Src\PCA9685.o
 .text.HAL_DelayH
                0x00000000        0x4 Src\PCA9685.o
 .text          0x00000000        0x0 Src\gpio.o
 .data          0x00000000        0x0 Src\gpio.o
 .bss           0x00000000        0x0 Src\gpio.o
 .text          0x00000000        0x0 Src\i2c.o
 .data          0x00000000        0x0 Src\i2c.o
 .bss           0x00000000        0x0 Src\i2c.o
 .text          0x00000000        0x0 Src\main.o
 .data          0x00000000        0x0 Src\main.o
 .bss           0x00000000        0x0 Src\main.o
 .text.Error_Handler
                0x00000000        0x2 Src\main.o
 .text          0x00000000        0x0 Src\stm32f3xx_it.o
 .data          0x00000000        0x0 Src\stm32f3xx_it.o
 .bss           0x00000000        0x0 Src\stm32f3xx_it.o
 .text          0x00000000        0x0 Src\system_stm32f3xx.o
 .data          0x00000000        0x0 Src\system_stm32f3xx.o
 .bss           0x00000000        0x0 Src\system_stm32f3xx.o
 .text.SystemCoreClockUpdate
                0x00000000       0x68 Src\system_stm32f3xx.o
 .text          0x00000000        0x0 Src\usart.o
 .data          0x00000000        0x0 Src\usart.o
 .bss           0x00000000        0x0 Src\usart.o
 .text          0x00000000       0x14 startup\startup_stm32f334x8.o
 .data          0x00000000        0x0 startup\startup_stm32f334x8.o
 .bss           0x00000000        0x0 startup\startup_stm32f334x8.o
 .text          0x00000000        0x0 c:/program files (x86)/atollic/truestudio for stm32 9.2.0/armtools/bin/../lib/gcc/arm-atollic-eabi/6.3.1/../../../../arm-atollic-eabi/lib/armv7e-m/fpu\libc_nano.a(lib_a-init.o)
 .data          0x00000000        0x0 c:/program files (x86)/atollic/truestudio for stm32 9.2.0/armtools/bin/../lib/gcc/arm-atollic-eabi/6.3.1/../../../../arm-atollic-eabi/lib/armv7e-m/fpu\libc_nano.a(lib_a-init.o)
 .bss           0x00000000        0x0 c:/program files (x86)/atollic/truestudio for stm32 9.2.0/armtools/bin/../lib/gcc/arm-atollic-eabi/6.3.1/../../../../arm-atollic-eabi/lib/armv7e-m/fpu\libc_nano.a(lib_a-init.o)
 .text          0x00000000        0x0 c:/program files (x86)/atollic/truestudio for stm32 9.2.0/armtools/bin/../lib/gcc/arm-atollic-eabi/6.3.1/../../../../arm-atollic-eabi/lib/armv7e-m/fpu\libc_nano.a(lib_a-memset.o)
 .data          0x00000000        0x0 c:/program files (x86)/atollic/truestudio for stm32 9.2.0/armtools/bin/../lib/gcc/arm-atollic-eabi/6.3.1/../../../../arm-atollic-eabi/lib/armv7e-m/fpu\libc_nano.a(lib_a-memset.o)
 .bss           0x00000000        0x0 c:/program files (x86)/atollic/truestudio for stm32 9.2.0/armtools/bin/../lib/gcc/arm-atollic-eabi/6.3.1/../../../../arm-atollic-eabi/lib/armv7e-m/fpu\libc_nano.a(lib_a-memset.o)
 .data          0x00000000        0x0 c:/program files (x86)/atollic/truestudio for stm32 9.2.0/armtools/bin/../lib/gcc/arm-atollic-eabi/6.3.1/armv7e-m/fpu\libgcc.a(_arm_addsubdf3.o)
 .bss           0x00000000        0x0 c:/program files (x86)/atollic/truestudio for stm32 9.2.0/armtools/bin/../lib/gcc/arm-atollic-eabi/6.3.1/armv7e-m/fpu\libgcc.a(_arm_addsubdf3.o)
 .data          0x00000000        0x0 c:/program files (x86)/atollic/truestudio for stm32 9.2.0/armtools/bin/../lib/gcc/arm-atollic-eabi/6.3.1/armv7e-m/fpu\libgcc.a(_arm_muldivdf3.o)
 .bss           0x00000000        0x0 c:/program files (x86)/atollic/truestudio for stm32 9.2.0/armtools/bin/../lib/gcc/arm-atollic-eabi/6.3.1/armv7e-m/fpu\libgcc.a(_arm_muldivdf3.o)
 .data          0x00000000        0x0 c:/program files (x86)/atollic/truestudio for stm32 9.2.0/armtools/bin/../lib/gcc/arm-atollic-eabi/6.3.1/armv7e-m/fpu\libgcc.a(_arm_truncdfsf2.o)
 .bss           0x00000000        0x0 c:/program files (x86)/atollic/truestudio for stm32 9.2.0/armtools/bin/../lib/gcc/arm-atollic-eabi/6.3.1/armv7e-m/fpu\libgcc.a(_arm_truncdfsf2.o)
 .text          0x00000000        0x0 c:/program files (x86)/atollic/truestudio for stm32 9.2.0/armtools/bin/../lib/gcc/arm-atollic-eabi/6.3.1/armv7e-m/fpu/crtend.o
 .data          0x00000000        0x0 c:/program files (x86)/atollic/truestudio for stm32 9.2.0/armtools/bin/../lib/gcc/arm-atollic-eabi/6.3.1/armv7e-m/fpu/crtend.o
 .bss           0x00000000        0x0 c:/program files (x86)/atollic/truestudio for stm32 9.2.0/armtools/bin/../lib/gcc/arm-atollic-eabi/6.3.1/armv7e-m/fpu/crtend.o
 .eh_frame      0x00000000        0x4 c:/program files (x86)/atollic/truestudio for stm32 9.2.0/armtools/bin/../lib/gcc/arm-atollic-eabi/6.3.1/armv7e-m/fpu/crtend.o
 .ARM.attributes
                0x00000000       0x34 c:/program files (x86)/atollic/truestudio for stm32 9.2.0/armtools/bin/../lib/gcc/arm-atollic-eabi/6.3.1/armv7e-m/fpu/crtend.o
 .text          0x00000000        0x0 c:/program files (x86)/atollic/truestudio for stm32 9.2.0/armtools/bin/../lib/gcc/arm-atollic-eabi/6.3.1/armv7e-m/fpu/crtn.o
 .data          0x00000000        0x0 c:/program files (x86)/atollic/truestudio for stm32 9.2.0/armtools/bin/../lib/gcc/arm-atollic-eabi/6.3.1/armv7e-m/fpu/crtn.o
 .bss           0x00000000        0x0 c:/program files (x86)/atollic/truestudio for stm32 9.2.0/armtools/bin/../lib/gcc/arm-atollic-eabi/6.3.1/armv7e-m/fpu/crtn.o

Memory Configuration

Name             Origin             Length             Attributes
RAM              0x20000000         0x00003000         xrw
CCMRAM           0x10000000         0x00001000         rw
FLASH            0x08000000         0x00010000         xr
*default*        0x00000000         0xffffffff

Linker script and memory map

LOAD c:/program files (x86)/atollic/truestudio for stm32 9.2.0/armtools/bin/../lib/gcc/arm-atollic-eabi/6.3.1/armv7e-m/fpu/crti.o
LOAD c:/program files (x86)/atollic/truestudio for stm32 9.2.0/armtools/bin/../lib/gcc/arm-atollic-eabi/6.3.1/armv7e-m/fpu/crtbegin.o
LOAD Drivers\STM32F3xx_HAL_Driver\Src\stm32f3xx_ll_dma.o
LOAD Drivers\STM32F3xx_HAL_Driver\Src\stm32f3xx_ll_exti.o
LOAD Drivers\STM32F3xx_HAL_Driver\Src\stm32f3xx_ll_gpio.o
LOAD Drivers\STM32F3xx_HAL_Driver\Src\stm32f3xx_ll_i2c.o
LOAD Drivers\STM32F3xx_HAL_Driver\Src\stm32f3xx_ll_rcc.o
LOAD Drivers\STM32F3xx_HAL_Driver\Src\stm32f3xx_ll_usart.o
LOAD Drivers\STM32F3xx_HAL_Driver\Src\stm32f3xx_ll_utils.o
LOAD Src\PCA9685.o
LOAD Src\gpio.o
LOAD Src\i2c.o
LOAD Src\main.o
LOAD Src\stm32f3xx_it.o
LOAD Src\system_stm32f3xx.o
LOAD Src\usart.o
LOAD startup\startup_stm32f334x8.o
                0x00000080                malloc_getpagesize_P = 0x80
START GROUP
LOAD c:/program files (x86)/atollic/truestudio for stm32 9.2.0/armtools/bin/../lib/gcc/arm-atollic-eabi/6.3.1/../../../../arm-atollic-eabi/lib/armv7e-m/fpu\libc_nano.a
LOAD c:/program files (x86)/atollic/truestudio for stm32 9.2.0/armtools/bin/../lib/gcc/arm-atollic-eabi/6.3.1/../../../../arm-atollic-eabi/lib/armv7e-m/fpu\libm.a
END GROUP
START GROUP
LOAD c:/program files (x86)/atollic/truestudio for stm32 9.2.0/armtools/bin/../lib/gcc/arm-atollic-eabi/6.3.1/armv7e-m/fpu\libgcc.a
LOAD c:/program files (x86)/atollic/truestudio for stm32 9.2.0/armtools/bin/../lib/gcc/arm-atollic-eabi/6.3.1/../../../../arm-atollic-eabi/lib/armv7e-m/fpu\libc_nano.a
END GROUP
START GROUP
LOAD c:/program files (x86)/atollic/truestudio for stm32 9.2.0/armtools/bin/../lib/gcc/arm-atollic-eabi/6.3.1/armv7e-m/fpu\libgcc.a
LOAD c:/program files (x86)/atollic/truestudio for stm32 9.2.0/armtools/bin/../lib/gcc/arm-atollic-eabi/6.3.1/../../../../arm-atollic-eabi/lib/armv7e-m/fpu\libc_nano.a
LOAD c:/program files (x86)/atollic/truestudio for stm32 9.2.0/armtools/bin/../lib/gcc/arm-atollic-eabi/6.3.1/../../../../arm-atollic-eabi/lib/armv7e-m/fpu\libnosys.a
END GROUP
START GROUP
LOAD c:/program files (x86)/atollic/truestudio for stm32 9.2.0/armtools/bin/../lib/gcc/arm-atollic-eabi/6.3.1/armv7e-m/fpu\libgcc.a
LOAD c:/program files (x86)/atollic/truestudio for stm32 9.2.0/armtools/bin/../lib/gcc/arm-atollic-eabi/6.3.1/../../../../arm-atollic-eabi/lib/armv7e-m/fpu\libc_nano.a
LOAD c:/program files (x86)/atollic/truestudio for stm32 9.2.0/armtools/bin/../lib/gcc/arm-atollic-eabi/6.3.1/../../../../arm-atollic-eabi/lib/armv7e-m/fpu\libnosys.a
END GROUP
LOAD c:/program files (x86)/atollic/truestudio for stm32 9.2.0/armtools/bin/../lib/gcc/arm-atollic-eabi/6.3.1/armv7e-m/fpu/crtend.o
LOAD c:/program files (x86)/atollic/truestudio for stm32 9.2.0/armtools/bin/../lib/gcc/arm-atollic-eabi/6.3.1/armv7e-m/fpu/crtn.o
                0x20003000                _estack = 0x20003000
                0x00000200                _Min_Heap_Size = 0x200
                0x00000400                _Min_Stack_Size = 0x400

.isr_vector     0x08000000      0x188
                0x08000000                . = ALIGN (0x4)
 *(.isr_vector)
 .isr_vector    0x08000000      0x188 startup\startup_stm32f334x8.o
                0x08000000                g_pfnVectors
                0x08000188                . = ALIGN (0x4)

.text           0x08000188     0x15d8
                0x08000188                . = ALIGN (0x4)
 *(.text)
 .text          0x08000188       0x40 c:/program files (x86)/atollic/truestudio for stm32 9.2.0/armtools/bin/../lib/gcc/arm-atollic-eabi/6.3.1/armv7e-m/fpu/crtbegin.o
 .text          0x080001c8      0x370 c:/program files (x86)/atollic/truestudio for stm32 9.2.0/armtools/bin/../lib/gcc/arm-atollic-eabi/6.3.1/armv7e-m/fpu\libgcc.a(_arm_addsubdf3.o)
                0x080001c8                __aeabi_drsub
                0x080001d0                __aeabi_dsub
                0x080001d0                __subdf3
                0x080001d4                __aeabi_dadd
                0x080001d4                __adddf3
                0x0800044c                __floatunsidf
                0x0800044c                __aeabi_ui2d
                0x0800046c                __floatsidf
                0x0800046c                __aeabi_i2d
                0x08000490                __aeabi_f2d
                0x08000490                __extendsfdf2
                0x080004cc                __floatundidf
                0x080004cc                __aeabi_ul2d
                0x080004dc                __floatdidf
                0x080004dc                __aeabi_l2d
 .text          0x08000538      0x424 c:/program files (x86)/atollic/truestudio for stm32 9.2.0/armtools/bin/../lib/gcc/arm-atollic-eabi/6.3.1/armv7e-m/fpu\libgcc.a(_arm_muldivdf3.o)
                0x08000538                __aeabi_dmul
                0x08000538                __muldf3
                0x0800078c                __divdf3
                0x0800078c                __aeabi_ddiv
 .text          0x0800095c       0xa0 c:/program files (x86)/atollic/truestudio for stm32 9.2.0/armtools/bin/../lib/gcc/arm-atollic-eabi/6.3.1/armv7e-m/fpu\libgcc.a(_arm_truncdfsf2.o)
                0x0800095c                __truncdfsf2
                0x0800095c                __aeabi_d2f
 *(.text*)
 .text.LL_EXTI_Init
                0x080009fc      0x138 Drivers\STM32F3xx_HAL_Driver\Src\stm32f3xx_ll_exti.o
                0x080009fc                LL_EXTI_Init
 .text.LL_GPIO_Init
                0x08000b34      0x144 Drivers\STM32F3xx_HAL_Driver\Src\stm32f3xx_ll_gpio.o
                0x08000b34                LL_GPIO_Init
 .text.LL_I2C_Init
                0x08000c78       0x6a Drivers\STM32F3xx_HAL_Driver\Src\stm32f3xx_ll_i2c.o
                0x08000c78                LL_I2C_Init
 *fill*         0x08000ce2        0x2 
 .text.RCC_GetHCLKClockFreq
                0x08000ce4       0x18 Drivers\STM32F3xx_HAL_Driver\Src\stm32f3xx_ll_rcc.o
                0x08000ce4                RCC_GetHCLKClockFreq
 .text.RCC_GetPCLK1ClockFreq
                0x08000cfc       0x18 Drivers\STM32F3xx_HAL_Driver\Src\stm32f3xx_ll_rcc.o
                0x08000cfc                RCC_GetPCLK1ClockFreq
 .text.RCC_GetPCLK2ClockFreq
                0x08000d14       0x18 Drivers\STM32F3xx_HAL_Driver\Src\stm32f3xx_ll_rcc.o
                0x08000d14                RCC_GetPCLK2ClockFreq
 .text.RCC_PLL_GetFreqDomain_SYS
                0x08000d2c       0x44 Drivers\STM32F3xx_HAL_Driver\Src\stm32f3xx_ll_rcc.o
                0x08000d2c                RCC_PLL_GetFreqDomain_SYS
 .text.RCC_GetSystemClockFreq
                0x08000d70       0x1c Drivers\STM32F3xx_HAL_Driver\Src\stm32f3xx_ll_rcc.o
                0x08000d70                RCC_GetSystemClockFreq
 .text.LL_RCC_GetSystemClocksFreq
                0x08000d8c       0x20 Drivers\STM32F3xx_HAL_Driver\Src\stm32f3xx_ll_rcc.o
                0x08000d8c                LL_RCC_GetSystemClocksFreq
 .text.LL_RCC_GetUSARTClockFreq
                0x08000dac       0x58 Drivers\STM32F3xx_HAL_Driver\Src\stm32f3xx_ll_rcc.o
                0x08000dac                LL_RCC_GetUSARTClockFreq
 .text.LL_USART_Init
                0x08000e04       0xb4 Drivers\STM32F3xx_HAL_Driver\Src\stm32f3xx_ll_usart.o
                0x08000e04                LL_USART_Init
 .text.LL_Init1msTick
                0x08000eb8       0x1c Drivers\STM32F3xx_HAL_Driver\Src\stm32f3xx_ll_utils.o
                0x08000eb8                LL_Init1msTick
 .text.LL_mDelay
                0x08000ed4       0x28 Drivers\STM32F3xx_HAL_Driver\Src\stm32f3xx_ll_utils.o
                0x08000ed4                LL_mDelay
 .text.LL_SetSystemCoreClock
                0x08000efc        0xc Drivers\STM32F3xx_HAL_Driver\Src\stm32f3xx_ll_utils.o
                0x08000efc                LL_SetSystemCoreClock
 .text.HAL_I2C_Master_TransmitH
                0x08000f08       0x3c Src\PCA9685.o
                0x08000f08                HAL_I2C_Master_TransmitH
 .text.set_all_pwm
                0x08000f44       0x68 Src\PCA9685.o
                0x08000f44                set_all_pwm
 .text.pca9685_pwm
                0x08000fac       0x7a Src\PCA9685.o
                0x08000fac                pca9685_pwm
 *fill*         0x08001026        0x2 
 .text.HAL_I2C_Master_ReceiveH
                0x08001028       0x3c Src\PCA9685.o
                0x08001028                HAL_I2C_Master_ReceiveH
 .text.pca9685_init
                0x08001064       0xa4 Src\PCA9685.o
                0x08001064                pca9685_init
 .text.set_pwm_freq
                0x08001108       0xe8 Src\PCA9685.o
                0x08001108                set_pwm_freq
 .text.LL_AHB1_GRP1_EnableClock
                0x080011f0       0x1c Src\gpio.o
 .text.MX_GPIO_Init
                0x0800120c      0x114 Src\gpio.o
                0x0800120c                MX_GPIO_Init
 .text.MX_I2C1_Init
                0x08001320       0xb8 Src\i2c.o
                0x08001320                MX_I2C1_Init
 .text.SystemClock_Config
                0x080013d8       0xb4 Src\main.o
                0x080013d8                SystemClock_Config
 .text.startup.main
                0x0800148c       0xe8 Src\main.o
                0x0800148c                main
 .text.NMI_Handler
                0x08001574        0x2 Src\stm32f3xx_it.o
                0x08001574                NMI_Handler
 .text.HardFault_Handler
                0x08001576        0x2 Src\stm32f3xx_it.o
                0x08001576                HardFault_Handler
 .text.MemManage_Handler
                0x08001578        0x2 Src\stm32f3xx_it.o
                0x08001578                MemManage_Handler
 .text.BusFault_Handler
                0x0800157a        0x2 Src\stm32f3xx_it.o
                0x0800157a                BusFault_Handler
 .text.UsageFault_Handler
                0x0800157c        0x2 Src\stm32f3xx_it.o
                0x0800157c                UsageFault_Handler
 .text.SVC_Handler
                0x0800157e        0x2 Src\stm32f3xx_it.o
                0x0800157e                SVC_Handler
 .text.DebugMon_Handler
                0x08001580        0x2 Src\stm32f3xx_it.o
                0x08001580                DebugMon_Handler
 .text.PendSV_Handler
                0x08001582        0x2 Src\stm32f3xx_it.o
                0x08001582                PendSV_Handler
 .text.SysTick_Handler
                0x08001584        0x2 Src\stm32f3xx_it.o
                0x08001584                SysTick_Handler
 *fill*         0x08001586        0x2 
 .text.SystemInit
                0x08001588       0x68 Src\system_stm32f3xx.o
                0x08001588                SystemInit
 .text.MX_USART2_UART_Init
                0x080015f0       0xac Src\usart.o
                0x080015f0                MX_USART2_UART_Init
 .text.Reset_Handler
                0x0800169c       0x50 startup\startup_stm32f334x8.o
                0x0800169c                Reset_Handler
 .text.Default_Handler
                0x080016ec        0x2 startup\startup_stm32f334x8.o
                0x080016ec                RTC_Alarm_IRQHandler
                0x080016ec                HRTIM1_Master_IRQHandler
                0x080016ec                TIM1_CC_IRQHandler
                0x080016ec                HRTIM1_FLT_IRQHandler
                0x080016ec                PVD_IRQHandler
                0x080016ec                HRTIM1_TIMD_IRQHandler
                0x080016ec                TAMP_STAMP_IRQHandler
                0x080016ec                EXTI3_IRQHandler
                0x080016ec                EXTI0_IRQHandler
                0x080016ec                FPU_IRQHandler
                0x080016ec                CAN_TX_IRQHandler
                0x080016ec                TIM1_UP_TIM16_IRQHandler
                0x080016ec                ADC1_2_IRQHandler
                0x080016ec                HRTIM1_TIME_IRQHandler
                0x080016ec                SPI1_IRQHandler
                0x080016ec                CAN_SCE_IRQHandler
                0x080016ec                HRTIM1_TIMC_IRQHandler
                0x080016ec                DMA1_Channel4_IRQHandler
                0x080016ec                USART3_IRQHandler
                0x080016ec                DMA1_Channel7_IRQHandler
                0x080016ec                TIM7_DAC2_IRQHandler
                0x080016ec                CAN_RX1_IRQHandler
                0x080016ec                I2C1_EV_IRQHandler
                0x080016ec                DMA1_Channel6_IRQHandler
                0x080016ec                TIM3_IRQHandler
                0x080016ec                RCC_IRQHandler
                0x080016ec                DMA1_Channel1_IRQHandler
                0x080016ec                Default_Handler
                0x080016ec                EXTI15_10_IRQHandler
                0x080016ec                COMP2_IRQHandler
                0x080016ec                HRTIM1_TIMA_IRQHandler
                0x080016ec                TIM6_DAC1_IRQHandler
                0x080016ec                EXTI9_5_IRQHandler
                0x080016ec                RTC_WKUP_IRQHandler
                0x080016ec                DMA1_Channel5_IRQHandler
                0x080016ec                EXTI4_IRQHandler
                0x080016ec                HRTIM1_TIMB_IRQHandler
                0x080016ec                TIM1_TRG_COM_TIM17_IRQHandler
                0x080016ec                DMA1_Channel3_IRQHandler
                0x080016ec                WWDG_IRQHandler
                0x080016ec                TIM2_IRQHandler
                0x080016ec                EXTI1_IRQHandler
                0x080016ec                COMP4_6_IRQHandler
                0x080016ec                USART2_IRQHandler
                0x080016ec                DMA1_Channel2_IRQHandler
                0x080016ec                FLASH_IRQHandler
                0x080016ec                USART1_IRQHandler
                0x080016ec                CAN_RX0_IRQHandler
                0x080016ec                I2C1_ER_IRQHandler
                0x080016ec                EXTI2_TSC_IRQHandler
                0x080016ec                TIM1_BRK_TIM15_IRQHandler
 *fill*         0x080016ee        0x2 
 .text.__libc_init_array
                0x080016f0       0x48 c:/program files (x86)/atollic/truestudio for stm32 9.2.0/armtools/bin/../lib/gcc/arm-atollic-eabi/6.3.1/../../../../arm-atollic-eabi/lib/armv7e-m/fpu\libc_nano.a(lib_a-init.o)
                0x080016f0                __libc_init_array
 .text.memset   0x08001738       0x10 c:/program files (x86)/atollic/truestudio for stm32 9.2.0/armtools/bin/../lib/gcc/arm-atollic-eabi/6.3.1/../../../../arm-atollic-eabi/lib/armv7e-m/fpu\libc_nano.a(lib_a-memset.o)
                0x08001738                memset
 *(.glue_7)
 .glue_7        0x08001748        0x0 linker stubs
 *(.glue_7t)
 .glue_7t       0x08001748        0x0 linker stubs
 *(.eh_frame)
 .eh_frame      0x08001748        0x0 c:/program files (x86)/atollic/truestudio for stm32 9.2.0/armtools/bin/../lib/gcc/arm-atollic-eabi/6.3.1/armv7e-m/fpu/crtbegin.o
 *(.init)
 .init          0x08001748        0x4 c:/program files (x86)/atollic/truestudio for stm32 9.2.0/armtools/bin/../lib/gcc/arm-atollic-eabi/6.3.1/armv7e-m/fpu/crti.o
                0x08001748                _init
 .init          0x0800174c        0x8 c:/program files (x86)/atollic/truestudio for stm32 9.2.0/armtools/bin/../lib/gcc/arm-atollic-eabi/6.3.1/armv7e-m/fpu/crtn.o
 *(.fini)
 .fini          0x08001754        0x4 c:/program files (x86)/atollic/truestudio for stm32 9.2.0/armtools/bin/../lib/gcc/arm-atollic-eabi/6.3.1/armv7e-m/fpu/crti.o
                0x08001754                _fini
 .fini          0x08001758        0x8 c:/program files (x86)/atollic/truestudio for stm32 9.2.0/armtools/bin/../lib/gcc/arm-atollic-eabi/6.3.1/armv7e-m/fpu/crtn.o
                0x08001760                . = ALIGN (0x4)
                0x08001760                _etext = .

.vfp11_veneer   0x08001760        0x0
 .vfp11_veneer  0x08001760        0x0 linker stubs

.v4_bx          0x08001760        0x0
 .v4_bx         0x08001760        0x0 linker stubs

.iplt           0x08001760        0x0
 .iplt          0x08001760        0x0 c:/program files (x86)/atollic/truestudio for stm32 9.2.0/armtools/bin/../lib/gcc/arm-atollic-eabi/6.3.1/armv7e-m/fpu/crtbegin.o

.rodata         0x08001760       0x18
                0x08001760                . = ALIGN (0x4)
 *(.rodata)
 *(.rodata*)
 .rodata.AHBPrescTable
                0x08001760       0x10 Src\system_stm32f3xx.o
                0x08001760                AHBPrescTable
 .rodata.APBPrescTable
                0x08001770        0x8 Src\system_stm32f3xx.o
                0x08001770                APBPrescTable
                0x08001778                . = ALIGN (0x4)

.rel.dyn        0x08001778        0x0
 .rel.iplt      0x08001778        0x0 c:/program files (x86)/atollic/truestudio for stm32 9.2.0/armtools/bin/../lib/gcc/arm-atollic-eabi/6.3.1/armv7e-m/fpu/crtbegin.o

.ARM.extab
 *(.ARM.extab* .gnu.linkonce.armextab.*)

.ARM            0x08001778        0x0
                0x08001778                __exidx_start = .
 *(.ARM.exidx*)
                0x08001778                __exidx_end = .

.preinit_array  0x08001778        0x0
                0x08001778                PROVIDE (__preinit_array_start, .)
 *(.preinit_array*)
                0x08001778                PROVIDE (__preinit_array_end, .)

.init_array     0x08001778        0x4
                0x08001778                PROVIDE (__init_array_start, .)
 *(SORT(.init_array.*))
 *(.init_array*)
 .init_array    0x08001778        0x4 c:/program files (x86)/atollic/truestudio for stm32 9.2.0/armtools/bin/../lib/gcc/arm-atollic-eabi/6.3.1/armv7e-m/fpu/crtbegin.o
                0x0800177c                PROVIDE (__init_array_end, .)

.fini_array     0x0800177c        0x4
                [!provide]                PROVIDE (__fini_array_start, .)
 *(SORT(.fini_array.*))
 *(.fini_array*)
 .fini_array    0x0800177c        0x4 c:/program files (x86)/atollic/truestudio for stm32 9.2.0/armtools/bin/../lib/gcc/arm-atollic-eabi/6.3.1/armv7e-m/fpu/crtbegin.o
                [!provide]                PROVIDE (__fini_array_end, .)
                0x08001780                _sidata = LOADADDR (.data)

.data           0x20000000        0x4 load address 0x08001780
                0x20000000                . = ALIGN (0x4)
                0x20000000                _sdata = .
 *(.data)
 *(.data*)
 .data.SystemCoreClock
                0x20000000        0x4 Src\system_stm32f3xx.o
                0x20000000                SystemCoreClock
                0x20000004                . = ALIGN (0x4)
                0x20000004                _edata = .
                0x08001784                _siccmram = LOADADDR (.ccmram)

.igot.plt       0x20000004        0x0 load address 0x08001784
 .igot.plt      0x20000004        0x0 c:/program files (x86)/atollic/truestudio for stm32 9.2.0/armtools/bin/../lib/gcc/arm-atollic-eabi/6.3.1/armv7e-m/fpu/crtbegin.o

.ccmram         0x10000000        0x0 load address 0x08001784
                0x10000000                . = ALIGN (0x4)
                0x10000000                _sccmram = .
 *(.ccmram)
 *(.ccmram*)
                0x10000000                . = ALIGN (0x4)
                0x10000000                _eccmram = .
                0x10000000                . = ALIGN (0x4)

.bss            0x20000004       0x1c
                0x20000004                _sbss = .
                0x20000004                __bss_start__ = _sbss
 *(.bss)
 .bss           0x20000004       0x1c c:/program files (x86)/atollic/truestudio for stm32 9.2.0/armtools/bin/../lib/gcc/arm-atollic-eabi/6.3.1/armv7e-m/fpu/crtbegin.o
 *(.bss*)
 *(COMMON)
                0x20000020                . = ALIGN (0x4)
                0x20000020                _ebss = .
                0x20000020                __bss_end__ = _ebss

._user_heap_stack
                0x20000020      0x600
                0x20000020                . = ALIGN (0x4)
                [!provide]                PROVIDE (end, .)
                [!provide]                PROVIDE (_end, .)
                0x20000220                . = (. + _Min_Heap_Size)
 *fill*         0x20000020      0x200 
                0x20000620                . = (. + _Min_Stack_Size)
 *fill*         0x20000220      0x400 
                0x20000620                . = ALIGN (0x4)

/DISCARD/
 libc.a(*)
 libm.a(*)
 libgcc.a(*)

.ARM.attributes
                0x00000000       0x30
 *(.ARM.attributes)
 .ARM.attributes
                0x00000000       0x22 c:/program files (x86)/atollic/truestudio for stm32 9.2.0/armtools/bin/../lib/gcc/arm-atollic-eabi/6.3.1/armv7e-m/fpu/crti.o
 .ARM.attributes
                0x00000022       0x34 c:/program files (x86)/atollic/truestudio for stm32 9.2.0/armtools/bin/../lib/gcc/arm-atollic-eabi/6.3.1/armv7e-m/fpu/crtbegin.o
 .ARM.attributes
                0x00000056       0x39 Drivers\STM32F3xx_HAL_Driver\Src\stm32f3xx_ll_exti.o
 .ARM.attributes
                0x0000008f       0x39 Drivers\STM32F3xx_HAL_Driver\Src\stm32f3xx_ll_gpio.o
 .ARM.attributes
                0x000000c8       0x39 Drivers\STM32F3xx_HAL_Driver\Src\stm32f3xx_ll_i2c.o
 .ARM.attributes
                0x00000101       0x39 Drivers\STM32F3xx_HAL_Driver\Src\stm32f3xx_ll_rcc.o
 .ARM.attributes
                0x0000013a       0x39 Drivers\STM32F3xx_HAL_Driver\Src\stm32f3xx_ll_usart.o
 .ARM.attributes
                0x00000173       0x39 Drivers\STM32F3xx_HAL_Driver\Src\stm32f3xx_ll_utils.o
 .ARM.attributes
                0x000001ac       0x39 Src\PCA9685.o
 .ARM.attributes
                0x000001e5       0x39 Src\gpio.o
 .ARM.attributes
                0x0000021e       0x39 Src\i2c.o
 .ARM.attributes
                0x00000257       0x39 Src\main.o
 .ARM.attributes
                0x00000290       0x39 Src\stm32f3xx_it.o
 .ARM.attributes
                0x000002c9       0x39 Src\system_stm32f3xx.o
 .ARM.attributes
                0x00000302       0x39 Src\usart.o
 .ARM.attributes
                0x0000033b       0x21 startup\startup_stm32f334x8.o
 .ARM.attributes
                0x0000035c       0x34 c:/program files (x86)/atollic/truestudio for stm32 9.2.0/armtools/bin/../lib/gcc/arm-atollic-eabi/6.3.1/../../../../arm-atollic-eabi/lib/armv7e-m/fpu\libc_nano.a(lib_a-init.o)
 .ARM.attributes
                0x00000390       0x34 c:/program files (x86)/atollic/truestudio for stm32 9.2.0/armtools/bin/../lib/gcc/arm-atollic-eabi/6.3.1/../../../../arm-atollic-eabi/lib/armv7e-m/fpu\libc_nano.a(lib_a-memset.o)
 .ARM.attributes
                0x000003c4       0x22 c:/program files (x86)/atollic/truestudio for stm32 9.2.0/armtools/bin/../lib/gcc/arm-atollic-eabi/6.3.1/armv7e-m/fpu\libgcc.a(_arm_addsubdf3.o)
 .ARM.attributes
                0x000003e6       0x22 c:/program files (x86)/atollic/truestudio for stm32 9.2.0/armtools/bin/../lib/gcc/arm-atollic-eabi/6.3.1/armv7e-m/fpu\libgcc.a(_arm_muldivdf3.o)
 .ARM.attributes
                0x00000408       0x22 c:/program files (x86)/atollic/truestudio for stm32 9.2.0/armtools/bin/../lib/gcc/arm-atollic-eabi/6.3.1/armv7e-m/fpu\libgcc.a(_arm_truncdfsf2.o)
 .ARM.attributes
                0x0000042a       0x22 c:/program files (x86)/atollic/truestudio for stm32 9.2.0/armtools/bin/../lib/gcc/arm-atollic-eabi/6.3.1/armv7e-m/fpu/crtn.o
OUTPUT(I2C_driver_ll.elf elf32-littlearm)

.debug_info     0x00000000     0x6954
 .debug_info    0x00000000      0x747 Drivers\STM32F3xx_HAL_Driver\Src\stm32f3xx_ll_exti.o
 .debug_info    0x00000747      0x97c Drivers\STM32F3xx_HAL_Driver\Src\stm32f3xx_ll_gpio.o
 .debug_info    0x000010c3      0x68b Drivers\STM32F3xx_HAL_Driver\Src\stm32f3xx_ll_i2c.o
 .debug_info    0x0000174e      0x936 Drivers\STM32F3xx_HAL_Driver\Src\stm32f3xx_ll_rcc.o
 .debug_info    0x00002084      0x81b Drivers\STM32F3xx_HAL_Driver\Src\stm32f3xx_ll_usart.o
 .debug_info    0x0000289f      0xab4 Drivers\STM32F3xx_HAL_Driver\Src\stm32f3xx_ll_utils.o
 .debug_info    0x00003353      0xead Src\PCA9685.o
 .debug_info    0x00004200      0x873 Src\gpio.o
 .debug_info    0x00004a73      0x6bf Src\i2c.o
 .debug_info    0x00005132      0xb19 Src\main.o
 .debug_info    0x00005c4b      0x1b5 Src\stm32f3xx_it.o
 .debug_info    0x00005e00      0x407 Src\system_stm32f3xx.o
 .debug_info    0x00006207      0x69f Src\usart.o
 .debug_info    0x000068a6       0xae startup\startup_stm32f334x8.o

.debug_abbrev   0x00000000     0x1a93
 .debug_abbrev  0x00000000      0x1ea Drivers\STM32F3xx_HAL_Driver\Src\stm32f3xx_ll_exti.o
 .debug_abbrev  0x000001ea      0x223 Drivers\STM32F3xx_HAL_Driver\Src\stm32f3xx_ll_gpio.o
 .debug_abbrev  0x0000040d      0x1b8 Drivers\STM32F3xx_HAL_Driver\Src\stm32f3xx_ll_i2c.o
 .debug_abbrev  0x000005c5      0x28c Drivers\STM32F3xx_HAL_Driver\Src\stm32f3xx_ll_rcc.o
 .debug_abbrev  0x00000851      0x286 Drivers\STM32F3xx_HAL_Driver\Src\stm32f3xx_ll_usart.o
 .debug_abbrev  0x00000ad7      0x329 Drivers\STM32F3xx_HAL_Driver\Src\stm32f3xx_ll_utils.o
 .debug_abbrev  0x00000e00      0x287 Src\PCA9685.o
 .debug_abbrev  0x00001087      0x253 Src\gpio.o
 .debug_abbrev  0x000012da      0x1c5 Src\i2c.o
 .debug_abbrev  0x0000149f      0x24e Src\main.o
 .debug_abbrev  0x000016ed       0xd0 Src\stm32f3xx_it.o
 .debug_abbrev  0x000017bd      0x10e Src\system_stm32f3xx.o
 .debug_abbrev  0x000018cb      0x1b6 Src\usart.o
 .debug_abbrev  0x00001a81       0x12 startup\startup_stm32f334x8.o

.debug_loc      0x00000000     0x211c
 .debug_loc     0x00000000      0x2ab Drivers\STM32F3xx_HAL_Driver\Src\stm32f3xx_ll_exti.o
 .debug_loc     0x000002ab      0x461 Drivers\STM32F3xx_HAL_Driver\Src\stm32f3xx_ll_gpio.o
 .debug_loc     0x0000070c      0x1db Drivers\STM32F3xx_HAL_Driver\Src\stm32f3xx_ll_i2c.o
 .debug_loc     0x000008e7      0x3da Drivers\STM32F3xx_HAL_Driver\Src\stm32f3xx_ll_rcc.o
 .debug_loc     0x00000cc1      0x40f Drivers\STM32F3xx_HAL_Driver\Src\stm32f3xx_ll_usart.o
 .debug_loc     0x000010d0      0x4ec Drivers\STM32F3xx_HAL_Driver\Src\stm32f3xx_ll_utils.o
 .debug_loc     0x000015bc      0x66e Src\PCA9685.o
 .debug_loc     0x00001c2a      0x197 Src\gpio.o
 .debug_loc     0x00001dc1       0xb8 Src\i2c.o
 .debug_loc     0x00001e79      0x135 Src\main.o
 .debug_loc     0x00001fae       0xe2 Src\system_stm32f3xx.o
 .debug_loc     0x00002090       0x8c Src\usart.o

.debug_aranges  0x00000000      0x328
 .debug_aranges
                0x00000000       0x30 Drivers\STM32F3xx_HAL_Driver\Src\stm32f3xx_ll_exti.o
 .debug_aranges
                0x00000030       0x30 Drivers\STM32F3xx_HAL_Driver\Src\stm32f3xx_ll_gpio.o
 .debug_aranges
                0x00000060       0x30 Drivers\STM32F3xx_HAL_Driver\Src\stm32f3xx_ll_i2c.o
 .debug_aranges
                0x00000090       0x78 Drivers\STM32F3xx_HAL_Driver\Src\stm32f3xx_ll_rcc.o
 .debug_aranges
                0x00000108       0x40 Drivers\STM32F3xx_HAL_Driver\Src\stm32f3xx_ll_usart.o
 .debug_aranges
                0x00000148       0x50 Drivers\STM32F3xx_HAL_Driver\Src\stm32f3xx_ll_utils.o
 .debug_aranges
                0x00000198       0x68 Src\PCA9685.o
 .debug_aranges
                0x00000200       0x28 Src\gpio.o
 .debug_aranges
                0x00000228       0x20 Src\i2c.o
 .debug_aranges
                0x00000248       0x30 Src\main.o
 .debug_aranges
                0x00000278       0x40 Src\stm32f3xx_it.o
 .debug_aranges
                0x000002b8       0x28 Src\system_stm32f3xx.o
 .debug_aranges
                0x000002e0       0x20 Src\usart.o
 .debug_aranges
                0x00000300       0x28 startup\startup_stm32f334x8.o

.debug_ranges   0x00000000      0x680
 .debug_ranges  0x00000000       0x80 Drivers\STM32F3xx_HAL_Driver\Src\stm32f3xx_ll_exti.o
 .debug_ranges  0x00000080       0x80 Drivers\STM32F3xx_HAL_Driver\Src\stm32f3xx_ll_gpio.o
 .debug_ranges  0x00000100       0x68 Drivers\STM32F3xx_HAL_Driver\Src\stm32f3xx_ll_i2c.o
 .debug_ranges  0x00000168      0x100 Drivers\STM32F3xx_HAL_Driver\Src\stm32f3xx_ll_rcc.o
 .debug_ranges  0x00000268       0x60 Drivers\STM32F3xx_HAL_Driver\Src\stm32f3xx_ll_usart.o
 .debug_ranges  0x000002c8      0x118 Drivers\STM32F3xx_HAL_Driver\Src\stm32f3xx_ll_utils.o
 .debug_ranges  0x000003e0       0x90 Src\PCA9685.o
 .debug_ranges  0x00000470       0x88 Src\gpio.o
 .debug_ranges  0x000004f8       0x68 Src\i2c.o
 .debug_ranges  0x00000560       0xa8 Src\main.o
 .debug_ranges  0x00000608       0x30 Src\stm32f3xx_it.o
 .debug_ranges  0x00000638       0x18 Src\system_stm32f3xx.o
 .debug_ranges  0x00000650       0x10 Src\usart.o
 .debug_ranges  0x00000660       0x20 startup\startup_stm32f334x8.o

.debug_line     0x00000000     0x298c
 .debug_line    0x00000000      0x302 Drivers\STM32F3xx_HAL_Driver\Src\stm32f3xx_ll_exti.o
 .debug_line    0x00000302      0x398 Drivers\STM32F3xx_HAL_Driver\Src\stm32f3xx_ll_gpio.o
 .debug_line    0x0000069a      0x2bf Drivers\STM32F3xx_HAL_Driver\Src\stm32f3xx_ll_i2c.o
 .debug_line    0x00000959      0x4ad Drivers\STM32F3xx_HAL_Driver\Src\stm32f3xx_ll_rcc.o
 .debug_line    0x00000e06      0x338 Drivers\STM32F3xx_HAL_Driver\Src\stm32f3xx_ll_usart.o
 .debug_line    0x0000113e      0x44a Drivers\STM32F3xx_HAL_Driver\Src\stm32f3xx_ll_utils.o
 .debug_line    0x00001588      0x3dd Src\PCA9685.o
 .debug_line    0x00001965      0x30e Src\gpio.o
 .debug_line    0x00001c73      0x299 Src\i2c.o
 .debug_line    0x00001f0c      0x3a1 Src\main.o
 .debug_line    0x000022ad      0x20f Src\stm32f3xx_it.o
 .debug_line    0x000024bc      0x1e9 Src\system_stm32f3xx.o
 .debug_line    0x000026a5      0x268 Src\usart.o
 .debug_line    0x0000290d       0x7f startup\startup_stm32f334x8.o

.debug_str      0x00000000     0x1923
 .debug_str     0x00000000      0x4dc Drivers\STM32F3xx_HAL_Driver\Src\stm32f3xx_ll_exti.o
                                0x53e (size before relaxing)
 .debug_str     0x000004dc      0x200 Drivers\STM32F3xx_HAL_Driver\Src\stm32f3xx_ll_gpio.o
                                0x470 (size before relaxing)
 .debug_str     0x000006dc      0x1ee Drivers\STM32F3xx_HAL_Driver\Src\stm32f3xx_ll_i2c.o
                                0x4ab (size before relaxing)
 .debug_str     0x000008ca      0x435 Drivers\STM32F3xx_HAL_Driver\Src\stm32f3xx_ll_rcc.o
                                0x71a (size before relaxing)
 .debug_str     0x00000cff      0x255 Drivers\STM32F3xx_HAL_Driver\Src\stm32f3xx_ll_usart.o
                                0x5fd (size before relaxing)
 .debug_str     0x00000f54      0x334 Drivers\STM32F3xx_HAL_Driver\Src\stm32f3xx_ll_utils.o
                                0x6af (size before relaxing)
 .debug_str     0x00001288      0x25f Src\PCA9685.o
                                0x538 (size before relaxing)
 .debug_str     0x000014e7       0xed Src\gpio.o
                                0x502 (size before relaxing)
 .debug_str     0x000015d4       0xbf Src\i2c.o
                                0x4d8 (size before relaxing)
 .debug_str     0x00001693      0x12d Src\main.o
                                0x62e (size before relaxing)
 .debug_str     0x000017c0       0xa6 Src\stm32f3xx_it.o
                                0x2e7 (size before relaxing)
 .debug_str     0x00001866       0x50 Src\system_stm32f3xx.o
                                0x339 (size before relaxing)
 .debug_str     0x000018b6       0x6d Src\usart.o
                                0x4b6 (size before relaxing)

.comment        0x00000000       0x7c
 .comment       0x00000000       0x7c Drivers\STM32F3xx_HAL_Driver\Src\stm32f3xx_ll_exti.o
                                 0x7d (size before relaxing)
 .comment       0x0000007c       0x7d Drivers\STM32F3xx_HAL_Driver\Src\stm32f3xx_ll_gpio.o
 .comment       0x0000007c       0x7d Drivers\STM32F3xx_HAL_Driver\Src\stm32f3xx_ll_i2c.o
 .comment       0x0000007c       0x7d Drivers\STM32F3xx_HAL_Driver\Src\stm32f3xx_ll_rcc.o
 .comment       0x0000007c       0x7d Drivers\STM32F3xx_HAL_Driver\Src\stm32f3xx_ll_usart.o
 .comment       0x0000007c       0x7d Drivers\STM32F3xx_HAL_Driver\Src\stm32f3xx_ll_utils.o
 .comment       0x0000007c       0x7d Src\PCA9685.o
 .comment       0x0000007c       0x7d Src\gpio.o
 .comment       0x0000007c       0x7d Src\i2c.o
 .comment       0x0000007c       0x7d Src\main.o
 .comment       0x0000007c       0x7d Src\stm32f3xx_it.o
 .comment       0x0000007c       0x7d Src\system_stm32f3xx.o
 .comment       0x0000007c       0x7d Src\usart.o

.debug_frame    0x00000000      0x7e0
 .debug_frame   0x00000000       0x48 Drivers\STM32F3xx_HAL_Driver\Src\stm32f3xx_ll_exti.o
 .debug_frame   0x00000048       0x54 Drivers\STM32F3xx_HAL_Driver\Src\stm32f3xx_ll_gpio.o
 .debug_frame   0x0000009c       0x48 Drivers\STM32F3xx_HAL_Driver\Src\stm32f3xx_ll_i2c.o
 .debug_frame   0x000000e4      0x134 Drivers\STM32F3xx_HAL_Driver\Src\stm32f3xx_ll_rcc.o
 .debug_frame   0x00000218       0x80 Drivers\STM32F3xx_HAL_Driver\Src\stm32f3xx_ll_usart.o
 .debug_frame   0x00000298       0xc8 Drivers\STM32F3xx_HAL_Driver\Src\stm32f3xx_ll_utils.o
 .debug_frame   0x00000360      0x134 Src\PCA9685.o
 .debug_frame   0x00000494       0x54 Src\gpio.o
 .debug_frame   0x000004e8       0x30 Src\i2c.o
 .debug_frame   0x00000518       0x54 Src\main.o
 .debug_frame   0x0000056c       0xa0 Src\stm32f3xx_it.o
 .debug_frame   0x0000060c       0x38 Src\system_stm32f3xx.o
 .debug_frame   0x00000644       0x30 Src\usart.o
 .debug_frame   0x00000674       0x2c c:/program files (x86)/atollic/truestudio for stm32 9.2.0/armtools/bin/../lib/gcc/arm-atollic-eabi/6.3.1/../../../../arm-atollic-eabi/lib/armv7e-m/fpu\libc_nano.a(lib_a-init.o)
 .debug_frame   0x000006a0       0x20 c:/program files (x86)/atollic/truestudio for stm32 9.2.0/armtools/bin/../lib/gcc/arm-atollic-eabi/6.3.1/../../../../arm-atollic-eabi/lib/armv7e-m/fpu\libc_nano.a(lib_a-memset.o)
 .debug_frame   0x000006c0       0xac c:/program files (x86)/atollic/truestudio for stm32 9.2.0/armtools/bin/../lib/gcc/arm-atollic-eabi/6.3.1/armv7e-m/fpu\libgcc.a(_arm_addsubdf3.o)
 .debug_frame   0x0000076c       0x50 c:/program files (x86)/atollic/truestudio for stm32 9.2.0/armtools/bin/../lib/gcc/arm-atollic-eabi/6.3.1/armv7e-m/fpu\libgcc.a(_arm_muldivdf3.o)
 .debug_frame   0x000007bc       0x24 c:/program files (x86)/atollic/truestudio for stm32 9.2.0/armtools/bin/../lib/gcc/arm-atollic-eabi/6.3.1/armv7e-m/fpu\libgcc.a(_arm_truncdfsf2.o)
